[transformers] `Siglip2ImageProcessorFast` is deprecated. The `Fast` suffix for image processors has been removed; use `Siglip2ImageProcessor` instead.
Warning: You are sending unauthenticated requests to the HF Hub. Please set a HF_TOKEN to enable higher rate limits and faster downloads.
06:36:21 | WARNING | huggingface_hub.utils._http | Warning: You are sending unauthenticated requests to the HF Hub. Please set a HF_TOKEN to enable higher rate limits and faster downloads.
resuming: 3963 row(s) already present
sleep inhibited






















































sunglasses_black     rows=18    elapsed=4.1m eta=571m























































sunglasses_blue      rows=36    elapsed=9.3m eta=617m























































headphones_black     rows=54    elapsed=14.4m eta=605m






















































headphones_grey      rows=72    elapsed=19.6m eta=583m






















































mug_white            rows=90    elapsed=24.6m eta=551m






















































camera_dslr          rows=108   elapsed=29.8m eta=521m























































camera_lens          rows=126   elapsed=34.9m eta=488m























































backpack_black       rows=144   elapsed=40.4m eta=460m























































can_heyday           rows=162   elapsed=46.0m eta=430m

























































tube_lets_talk       rows=180   elapsed=51.4m eta=396m






















































smartphone_blank     rows=198   elapsed=56.8m eta=361m























































mug_enamel           rows=216   elapsed=62.3m eta=327m























































camera_mirrorless    rows=234   elapsed=68.0m eta=293m
























































perfume_fire         rows=252   elapsed=73.7m eta=258m






















































perfume_dark         rows=270   elapsed=79.4m eta=222m






















































earbuds_black        rows=288   elapsed=84.9m eta=186m






















































flask_green          rows=306   elapsed=90.5m eta=149m






















































flask_northland      rows=324   elapsed=96.0m eta=112m























































candle_pink          rows=342   elapsed=101.4m eta=75m






















































pouch_kraft          rows=360   elapsed=106.9m eta=37m























[transformers] Token indices sequence length is longer than the specified maximum sequence length for this model (78 > 77). Running this sequence through the model will result in indexing errors
[transformers] Ignoring clean_up_tokenization_spaces=True for BPE tokenizer CLIPTokenizer. The clean_up_tokenization post-processing step is designed for WordPiece tokenizers and is destructive for BPE (it strips spaces before punctuation). Set clean_up_tokenization_spaces=False to suppress this warning, or set clean_up_tokenization_spaces_for_bpe_even_though_it_will_corrupt_output=True to force cleanup anyway.
The following part of your input was truncated because CLIP can only handle sequences up to 77 tokens: ['minimal']
[transformers] Token indices sequence length is longer than the specified maximum sequence length for this model (78 > 77). Running this sequence through the model will result in indexing errors
The following part of your input was truncated because CLIP can only handle sequences up to 77 tokens: ['minimal']





































































































camera_lens_cut      rows=483   elapsed=122.7m eta=0m

483 row(s) -> experiments\results.csv
721 combination(s) already present
cache: {'background-turbo': {'entries': 387, 'megabytes': 357.0}, 'extraction': {'entries': 24, 'megabytes': 7.1}}
[transformers] `Siglip2ImageProcessorFast` is deprecated. The `Fast` suffix for image processors has been removed; use `Siglip2ImageProcessor` instead.
resuming: 4446 row(s) already present
sleep inhibited
sunglasses_black     rows=0     elapsed=0.0m eta=2m
sunglasses_blue      rows=0     elapsed=0.0m eta=3m
headphones_black     rows=0     elapsed=0.0m eta=3m
headphones_grey      rows=0     elapsed=0.0m eta=3m
mug_white            rows=0     elapsed=0.0m eta=3m
camera_dslr          rows=0     elapsed=0.0m eta=4m
camera_lens          rows=0     elapsed=0.0m eta=4m
backpack_black       rows=0     elapsed=0.0m eta=4m
can_heyday           rows=0     elapsed=0.0m eta=4m
tube_lets_talk       rows=0     elapsed=0.0m eta=4m
smartphone_blank     rows=0     elapsed=0.0m eta=4m
mug_enamel           rows=0     elapsed=0.0m eta=3m
camera_mirrorless    rows=0     elapsed=0.0m eta=3m
perfume_fire         rows=0     elapsed=0.0m eta=3m
perfume_dark         rows=0     elapsed=0.0m eta=3m
earbuds_black        rows=0     elapsed=0.0m eta=2m
flask_green          rows=0     elapsed=0.0m eta=2m
flask_northland      rows=0     elapsed=0.0m eta=2m
candle_pink          rows=0     elapsed=0.0m eta=1m
pouch_kraft          rows=0     elapsed=0.0m eta=1m














camera_lens_cut      rows=90    elapsed=4.5m eta=0m

90 row(s) -> experiments\results.csv
726 combination(s) already present
cache: {'background-turbo': {'entries': 396, 'megabytes': 365.2}, 'extraction': {'entries': 24, 'megabytes': 7.1}}
FILL_DONE
