[transformers] `Siglip2ImageProcessorFast` is deprecated. The `Fast` suffix for image processors has been removed; use `Siglip2ImageProcessor` instead.
Warning: You are sending unauthenticated requests to the HF Hub. Please set a HF_TOKEN to enable higher rate limits and faster downloads.
12:56:54 | WARNING | huggingface_hub.utils._http | Warning: You are sending unauthenticated requests to the HF Hub. Please set a HF_TOKEN to enable higher rate limits and faster downloads.
resuming: 3657 row(s) already present
sleep inhibited




































sunglasses_black     rows=12    elapsed=2.5m eta=70m






































sunglasses_blue      rows=24    elapsed=5.4m eta=73m





































headphones_black     rows=36    elapsed=8.5m eta=72m




































headphones_grey      rows=48    elapsed=11.9m eta=72m






































mug_white            rows=60    elapsed=15.5m eta=70m






































camera_dslr          rows=72    elapsed=18.9m eta=66m




































camera_lens          rows=84    elapsed=22.2m eta=62m




































backpack_black       rows=96    elapsed=25.5m eta=57m




































can_heyday           rows=108   elapsed=28.7m eta=53m






















































tube_lets_talk       rows=123   elapsed=33.5m eta=49m






















































smartphone_blank     rows=141   elapsed=38.4m eta=44m






















































mug_enamel           rows=159   elapsed=43.3m eta=39m























































camera_mirrorless    rows=177   elapsed=48.3m eta=34m























































perfume_fire         rows=195   elapsed=53.3m eta=29m






















































perfume_dark         rows=213   elapsed=58.7m eta=25m























































earbuds_black        rows=231   elapsed=63.9m eta=20m






















































flask_green          rows=249   elapsed=68.9m eta=15m

























































flask_northland      rows=267   elapsed=73.9m eta=10m























































candle_pink          rows=285   elapsed=79.1m eta=5m






















































pouch_kraft          rows=303   elapsed=84.1m eta=0m

303 row(s) -> experiments\results.csv
19 combination(s) already present
cache: {'background-turbo': {'entries': 378, 'megabytes': 348.6}, 'extraction': {'entries': 22, 'megabytes': 6.8}}
